// Jest Snapshot v1, https://goo.gl/fbAQLP

exports[`Model should instantiate 1`] = `
Model {
  "data": Object {
    "id": 45,
    "image": Object {
      "medium": "/link/medium",
      "original": "/link/original",
    },
    "name": "is a name",
    "other": "Ã­s other",
    "summary": "summary show",
  },
}
`;
